// Jest Snapshot v1, https://goo.gl/fbAQLP

exports[`<Screen /> should render the Screen and match Snapshot 1`] = `
.c0 {
  background-image: url('/img/chat-wallpaper.png');
  background-size: cover;
  display: -webkit-box;
  display: -webkit-flex;
  display: -ms-flexbox;
  display: flex;
  -webkit-flex-direction: column;
  -ms-flex-direction: column;
  flex-direction: column;
  height: 100%;
  overflow: scroll;
  padding: 1em;
  width: 100%;
}

<ul
  class="c0"
/>
`;
